# Test findPath from a single node to itself
created graph graph
added node A to graph
path from A to A:
total cost: 0.000