# Find path with an unknown points
created graph graph
added node A to graph
unknown: B
unknown: B